
 RUN  v1.6.1 /app

 ✓ src/index.test.ts  (1 test) 3ms

 Test Files  1 passed (1)
      Tests  1 passed (1)
   Start at  20:26:37
   Duration  415ms (transform 54ms, setup 0ms, collect 47ms, tests 3ms, environment 0ms, prepare 94ms)
